app/(dashboard)/analytics/page.tsx(112,79): error TS2551: Property 'ability_score' does not exist on type 'AbilityHistory'. Did you mean 'ability_before'?
app/(dashboard)/test/select-subject/page.tsx(74,41): error TS2322: Type '"outline" | "default"' is not assignable to type '"outline" | "gradient" | "primary" | "secondary" | "ghost" | "danger" | undefined'.
  Type '"default"' is not assignable to type '"outline" | "gradient" | "primary" | "secondary" | "ghost" | "danger" | undefined'.
app/(dashboard)/test/select-subject/page.tsx(82,41): error TS2322: Type '"outline" | "default"' is not assignable to type '"outline" | "gradient" | "primary" | "secondary" | "ghost" | "danger" | undefined'.
  Type '"default"' is not assignable to type '"outline" | "gradient" | "primary" | "secondary" | "ghost" | "danger" | undefined'.
components/landing/Roadmap.tsx(91,60): error TS2322: Type '{ className: string; }' is not assignable to type 'IntrinsicAttributes'.
  Property 'className' does not exist on type 'IntrinsicAttributes'.
components/test/SubjectSelection.tsx(88,33): error TS2322: Type '{ hidden: { opacity: number; y: number; scale: number; }; show: { opacity: number; y: number; scale: number; transition: { type: string; stiffness: number; damping: number; }; }; hover: { y: number; transition: { ...; }; }; tap: { ...; }; }' is not assignable to type 'Variants'.
  Property 'show' is incompatible with index signature.
    Type '{ opacity: number; y: number; scale: number; transition: { type: string; stiffness: number; damping: number; }; }' is not assignable to type 'Variant'.
      Type '{ opacity: number; y: number; scale: number; transition: { type: string; stiffness: number; damping: number; }; }' is not assignable to type 'TargetAndTransition'.
        Type '{ opacity: number; y: number; scale: number; transition: { type: string; stiffness: number; damping: number; }; }' is not assignable to type '{ transition?: Transition<any> | undefined; transitionEnd?: ResolvedValues$1 | undefined; }'.
          Types of property 'transition' are incompatible.
            Type '{ type: string; stiffness: number; damping: number; }' is not assignable to type 'Transition<any> | undefined'.
              Type '{ type: string; stiffness: number; damping: number; }' is not assignable to type 'TransitionWithValueOverrides<any>'.
                Type '{ type: string; stiffness: number; damping: number; }' is not assignable to type 'ValueAnimationTransition<any>'.
                  Types of property 'type' are incompatible.
                    Type 'string' is not assignable to type 'AnimationGeneratorType | undefined'.
components/ui/Button.tsx(48,17): error TS2322: Type 'ReactNode | MotionValueNumber | MotionValueString' is not assignable to type 'ReactNode'.
  Type 'MotionValueNumber' is not assignable to type 'ReactNode'.
components/ui/Card.tsx(27,17): error TS2322: Type 'ReactNode | MotionValueNumber | MotionValueString' is not assignable to type 'ReactNode'.
  Type 'MotionValueNumber' is not assignable to type 'ReactNode'.
